Archive member included because of file (symbol)

lib\libavrdriverlib.a(gpio.o)
                              test\build\pwmTest.o (gpio_setDir)
lib\libavrdriverlib.a(usart.o)
                              test\build\pwmTest.o (usart_init)
lib\libavrdriverlib.a(timer.o)
                              test\build\pwmTest.o (timer_configure)
d:/development-environment-avr/winavr-2010.01.20/bin/../lib/gcc/avr/4.3.3/avr5\libgcc.a(_udivmodsi4.o)
                              lib\libavrdriverlib.a(usart.o) (__udivmodsi4)
d:/development-environment-avr/winavr-2010.01.20/bin/../lib/gcc/avr/4.3.3/avr5\libgcc.a(_exit.o)
                              d:/development-environment-avr/winavr-2010.01.20/bin/../lib/gcc/avr/4.3.3/../../../../avr/lib/avr5/crtm32u4.o (exit)
d:/development-environment-avr/winavr-2010.01.20/bin/../lib/gcc/avr/4.3.3/avr5\libgcc.a(_fixunssfsi.o)
                              test\build\pwmTest.o (__fixunssfsi)
d:/development-environment-avr/winavr-2010.01.20/bin/../lib/gcc/avr/4.3.3/avr5\libgcc.a(_addsub_sf.o)
                              d:/development-environment-avr/winavr-2010.01.20/bin/../lib/gcc/avr/4.3.3/avr5\libgcc.a(_fixunssfsi.o) (__subsf3)
d:/development-environment-avr/winavr-2010.01.20/bin/../lib/gcc/avr/4.3.3/avr5\libgcc.a(_mul_sf.o)
                              test\build\pwmTest.o (__mulsf3)
d:/development-environment-avr/winavr-2010.01.20/bin/../lib/gcc/avr/4.3.3/avr5\libgcc.a(_gt_sf.o)
                              test\build\pwmTest.o (__gtsf2)
d:/development-environment-avr/winavr-2010.01.20/bin/../lib/gcc/avr/4.3.3/avr5\libgcc.a(_ge_sf.o)
                              d:/development-environment-avr/winavr-2010.01.20/bin/../lib/gcc/avr/4.3.3/avr5\libgcc.a(_fixunssfsi.o) (__gesf2)
d:/development-environment-avr/winavr-2010.01.20/bin/../lib/gcc/avr/4.3.3/avr5\libgcc.a(_lt_sf.o)
                              test\build\pwmTest.o (__ltsf2)
d:/development-environment-avr/winavr-2010.01.20/bin/../lib/gcc/avr/4.3.3/avr5\libgcc.a(_sf_to_si.o)
                              d:/development-environment-avr/winavr-2010.01.20/bin/../lib/gcc/avr/4.3.3/avr5\libgcc.a(_fixunssfsi.o) (__fixsfsi)
d:/development-environment-avr/winavr-2010.01.20/bin/../lib/gcc/avr/4.3.3/avr5\libgcc.a(_thenan_sf.o)
                              d:/development-environment-avr/winavr-2010.01.20/bin/../lib/gcc/avr/4.3.3/avr5\libgcc.a(_addsub_sf.o) (__thenan_sf)
d:/development-environment-avr/winavr-2010.01.20/bin/../lib/gcc/avr/4.3.3/avr5\libgcc.a(_prologue.o)
                              d:/development-environment-avr/winavr-2010.01.20/bin/../lib/gcc/avr/4.3.3/avr5\libgcc.a(_addsub_sf.o) (__prologue_saves__)
d:/development-environment-avr/winavr-2010.01.20/bin/../lib/gcc/avr/4.3.3/avr5\libgcc.a(_epilogue.o)
                              d:/development-environment-avr/winavr-2010.01.20/bin/../lib/gcc/avr/4.3.3/avr5\libgcc.a(_addsub_sf.o) (__epilogue_restores__)
d:/development-environment-avr/winavr-2010.01.20/bin/../lib/gcc/avr/4.3.3/avr5\libgcc.a(_copy_data.o)
                              d:/development-environment-avr/winavr-2010.01.20/bin/../lib/gcc/avr/4.3.3/avr5\libgcc.a(_thenan_sf.o) (__do_copy_data)
d:/development-environment-avr/winavr-2010.01.20/bin/../lib/gcc/avr/4.3.3/avr5\libgcc.a(_pack_sf.o)
                              d:/development-environment-avr/winavr-2010.01.20/bin/../lib/gcc/avr/4.3.3/avr5\libgcc.a(_addsub_sf.o) (__pack_f)
d:/development-environment-avr/winavr-2010.01.20/bin/../lib/gcc/avr/4.3.3/avr5\libgcc.a(_unpack_sf.o)
                              d:/development-environment-avr/winavr-2010.01.20/bin/../lib/gcc/avr/4.3.3/avr5\libgcc.a(_addsub_sf.o) (__unpack_f)
d:/development-environment-avr/winavr-2010.01.20/bin/../lib/gcc/avr/4.3.3/avr5\libgcc.a(_fpcmp_parts_sf.o)
                              d:/development-environment-avr/winavr-2010.01.20/bin/../lib/gcc/avr/4.3.3/avr5\libgcc.a(_gt_sf.o) (__fpcmp_parts_f)

Discarded input sections

 .data          0x00000000        0x0 d:/development-environment-avr/winavr-2010.01.20/bin/../lib/gcc/avr/4.3.3/../../../../avr/lib/avr5/crtm32u4.o
 .bss           0x00000000        0x0 d:/development-environment-avr/winavr-2010.01.20/bin/../lib/gcc/avr/4.3.3/../../../../avr/lib/avr5/crtm32u4.o
 .data          0x00000000        0x0 test\build\pwmTest.o
 .bss           0x00000000        0x0 test\build\pwmTest.o
 .data          0x00000000        0x0 lib\libavrdriverlib.a(gpio.o)
 .bss           0x00000000        0x0 lib\libavrdriverlib.a(gpio.o)
 .data          0x00000000        0x0 lib\libavrdriverlib.a(usart.o)
 .bss           0x00000000        0x0 lib\libavrdriverlib.a(usart.o)
 .data          0x00000000        0x0 lib\libavrdriverlib.a(timer.o)
 .bss           0x00000000        0x0 lib\libavrdriverlib.a(timer.o)
 .text          0x00000000        0x0 d:/development-environment-avr/winavr-2010.01.20/bin/../lib/gcc/avr/4.3.3/avr5\libgcc.a(_udivmodsi4.o)
 .data          0x00000000        0x0 d:/development-environment-avr/winavr-2010.01.20/bin/../lib/gcc/avr/4.3.3/avr5\libgcc.a(_udivmodsi4.o)
 .bss           0x00000000        0x0 d:/development-environment-avr/winavr-2010.01.20/bin/../lib/gcc/avr/4.3.3/avr5\libgcc.a(_udivmodsi4.o)
 .text          0x00000000        0x0 d:/development-environment-avr/winavr-2010.01.20/bin/../lib/gcc/avr/4.3.3/avr5\libgcc.a(_exit.o)
 .data          0x00000000        0x0 d:/development-environment-avr/winavr-2010.01.20/bin/../lib/gcc/avr/4.3.3/avr5\libgcc.a(_exit.o)
 .bss           0x00000000        0x0 d:/development-environment-avr/winavr-2010.01.20/bin/../lib/gcc/avr/4.3.3/avr5\libgcc.a(_exit.o)
 .text.libgcc   0x00000000        0x0 d:/development-environment-avr/winavr-2010.01.20/bin/../lib/gcc/avr/4.3.3/avr5\libgcc.a(_exit.o)
 .data          0x00000000        0x0 d:/development-environment-avr/winavr-2010.01.20/bin/../lib/gcc/avr/4.3.3/avr5\libgcc.a(_fixunssfsi.o)
 .bss           0x00000000        0x0 d:/development-environment-avr/winavr-2010.01.20/bin/../lib/gcc/avr/4.3.3/avr5\libgcc.a(_fixunssfsi.o)
 .data          0x00000000        0x0 d:/development-environment-avr/winavr-2010.01.20/bin/../lib/gcc/avr/4.3.3/avr5\libgcc.a(_addsub_sf.o)
 .bss           0x00000000        0x0 d:/development-environment-avr/winavr-2010.01.20/bin/../lib/gcc/avr/4.3.3/avr5\libgcc.a(_addsub_sf.o)
 .data          0x00000000        0x0 d:/development-environment-avr/winavr-2010.01.20/bin/../lib/gcc/avr/4.3.3/avr5\libgcc.a(_mul_sf.o)
 .bss           0x00000000        0x0 d:/development-environment-avr/winavr-2010.01.20/bin/../lib/gcc/avr/4.3.3/avr5\libgcc.a(_mul_sf.o)
 .data          0x00000000        0x0 d:/development-environment-avr/winavr-2010.01.20/bin/../lib/gcc/avr/4.3.3/avr5\libgcc.a(_gt_sf.o)
 .bss           0x00000000        0x0 d:/development-environment-avr/winavr-2010.01.20/bin/../lib/gcc/avr/4.3.3/avr5\libgcc.a(_gt_sf.o)
 .data          0x00000000        0x0 d:/development-environment-avr/winavr-2010.01.20/bin/../lib/gcc/avr/4.3.3/avr5\libgcc.a(_ge_sf.o)
 .bss           0x00000000        0x0 d:/development-environment-avr/winavr-2010.01.20/bin/../lib/gcc/avr/4.3.3/avr5\libgcc.a(_ge_sf.o)
 .data          0x00000000        0x0 d:/development-environment-avr/winavr-2010.01.20/bin/../lib/gcc/avr/4.3.3/avr5\libgcc.a(_lt_sf.o)
 .bss           0x00000000        0x0 d:/development-environment-avr/winavr-2010.01.20/bin/../lib/gcc/avr/4.3.3/avr5\libgcc.a(_lt_sf.o)
 .data          0x00000000        0x0 d:/development-environment-avr/winavr-2010.01.20/bin/../lib/gcc/avr/4.3.3/avr5\libgcc.a(_sf_to_si.o)
 .bss           0x00000000        0x0 d:/development-environment-avr/winavr-2010.01.20/bin/../lib/gcc/avr/4.3.3/avr5\libgcc.a(_sf_to_si.o)
 .text          0x00000000        0x0 d:/development-environment-avr/winavr-2010.01.20/bin/../lib/gcc/avr/4.3.3/avr5\libgcc.a(_thenan_sf.o)
 .bss           0x00000000        0x0 d:/development-environment-avr/winavr-2010.01.20/bin/../lib/gcc/avr/4.3.3/avr5\libgcc.a(_thenan_sf.o)
 .text          0x00000000        0x0 d:/development-environment-avr/winavr-2010.01.20/bin/../lib/gcc/avr/4.3.3/avr5\libgcc.a(_prologue.o)
 .data          0x00000000        0x0 d:/development-environment-avr/winavr-2010.01.20/bin/../lib/gcc/avr/4.3.3/avr5\libgcc.a(_prologue.o)
 .bss           0x00000000        0x0 d:/development-environment-avr/winavr-2010.01.20/bin/../lib/gcc/avr/4.3.3/avr5\libgcc.a(_prologue.o)
 .text          0x00000000        0x0 d:/development-environment-avr/winavr-2010.01.20/bin/../lib/gcc/avr/4.3.3/avr5\libgcc.a(_epilogue.o)
 .data          0x00000000        0x0 d:/development-environment-avr/winavr-2010.01.20/bin/../lib/gcc/avr/4.3.3/avr5\libgcc.a(_epilogue.o)
 .bss           0x00000000        0x0 d:/development-environment-avr/winavr-2010.01.20/bin/../lib/gcc/avr/4.3.3/avr5\libgcc.a(_epilogue.o)
 .text          0x00000000        0x0 d:/development-environment-avr/winavr-2010.01.20/bin/../lib/gcc/avr/4.3.3/avr5\libgcc.a(_copy_data.o)
 .data          0x00000000        0x0 d:/development-environment-avr/winavr-2010.01.20/bin/../lib/gcc/avr/4.3.3/avr5\libgcc.a(_copy_data.o)
 .bss           0x00000000        0x0 d:/development-environment-avr/winavr-2010.01.20/bin/../lib/gcc/avr/4.3.3/avr5\libgcc.a(_copy_data.o)
 .text.libgcc   0x00000000        0x0 d:/development-environment-avr/winavr-2010.01.20/bin/../lib/gcc/avr/4.3.3/avr5\libgcc.a(_copy_data.o)
 .data          0x00000000        0x0 d:/development-environment-avr/winavr-2010.01.20/bin/../lib/gcc/avr/4.3.3/avr5\libgcc.a(_pack_sf.o)
 .bss           0x00000000        0x0 d:/development-environment-avr/winavr-2010.01.20/bin/../lib/gcc/avr/4.3.3/avr5\libgcc.a(_pack_sf.o)
 .data          0x00000000        0x0 d:/development-environment-avr/winavr-2010.01.20/bin/../lib/gcc/avr/4.3.3/avr5\libgcc.a(_unpack_sf.o)
 .bss           0x00000000        0x0 d:/development-environment-avr/winavr-2010.01.20/bin/../lib/gcc/avr/4.3.3/avr5\libgcc.a(_unpack_sf.o)
 .data          0x00000000        0x0 d:/development-environment-avr/winavr-2010.01.20/bin/../lib/gcc/avr/4.3.3/avr5\libgcc.a(_fpcmp_parts_sf.o)
 .bss           0x00000000        0x0 d:/development-environment-avr/winavr-2010.01.20/bin/../lib/gcc/avr/4.3.3/avr5\libgcc.a(_fpcmp_parts_sf.o)

Memory Configuration

Name             Origin             Length             Attributes
text             0x00000000         0x00020000         xr
data             0x00800060         0x0000ffa0         rw !x
eeprom           0x00810000         0x00010000         rw !x
fuse             0x00820000         0x00000400         rw !x
lock             0x00830000         0x00000400         rw !x
signature        0x00840000         0x00000400         rw !x
*default*        0x00000000         0xffffffff

Linker script and memory map

Address of section .data set to 0x800100
LOAD d:/development-environment-avr/winavr-2010.01.20/bin/../lib/gcc/avr/4.3.3/../../../../avr/lib/avr5/crtm32u4.o
LOAD test\build\pwmTest.o
LOAD lib\libavrdriverlib.a
LOAD lib\libavrdriverlib.a
LOAD lib\libavrdriverlib.a
LOAD d:/development-environment-avr/winavr-2010.01.20/bin/../lib/gcc/avr/4.3.3/avr5\libgcc.a
LOAD d:/development-environment-avr/winavr-2010.01.20/bin/../lib/gcc/avr/4.3.3/../../../../avr/lib/avr5\libc.a
LOAD d:/development-environment-avr/winavr-2010.01.20/bin/../lib/gcc/avr/4.3.3/avr5\libgcc.a

.hash
 *(.hash)

.dynsym
 *(.dynsym)

.dynstr
 *(.dynstr)

.gnu.version
 *(.gnu.version)

.gnu.version_d
 *(.gnu.version_d)

.gnu.version_r
 *(.gnu.version_r)

.rel.init
 *(.rel.init)

.rela.init
 *(.rela.init)

.rel.text
 *(.rel.text)
 *(.rel.text.*)
 *(.rel.gnu.linkonce.t*)

.rela.text
 *(.rela.text)
 *(.rela.text.*)
 *(.rela.gnu.linkonce.t*)

.rel.fini
 *(.rel.fini)

.rela.fini
 *(.rela.fini)

.rel.rodata
 *(.rel.rodata)
 *(.rel.rodata.*)
 *(.rel.gnu.linkonce.r*)

.rela.rodata
 *(.rela.rodata)
 *(.rela.rodata.*)
 *(.rela.gnu.linkonce.r*)

.rel.data
 *(.rel.data)
 *(.rel.data.*)
 *(.rel.gnu.linkonce.d*)

.rela.data
 *(.rela.data)
 *(.rela.data.*)
 *(.rela.gnu.linkonce.d*)

.rel.ctors
 *(.rel.ctors)

.rela.ctors
 *(.rela.ctors)

.rel.dtors
 *(.rel.dtors)

.rela.dtors
 *(.rela.dtors)

.rel.got
 *(.rel.got)

.rela.got
 *(.rela.got)

.rel.bss
 *(.rel.bss)

.rela.bss
 *(.rela.bss)

.rel.plt
 *(.rel.plt)

.rela.plt
 *(.rela.plt)

.text           0x00000000     0x198e
 *(.vectors)
 .vectors       0x00000000       0xac d:/development-environment-avr/winavr-2010.01.20/bin/../lib/gcc/avr/4.3.3/../../../../avr/lib/avr5/crtm32u4.o
                0x00000000                __vectors
                0x00000000                __vector_default
 *(.vectors)
 *(.progmem.gcc*)
 *(.progmem*)
                0x000000ac                . = ALIGN (0x2)
                0x000000ac                __trampolines_start = .
 *(.trampolines)
 .trampolines   0x000000ac        0x0 linker stubs
 *(.trampolines*)
                0x000000ac                __trampolines_end = .
 *(.jumptables)
 *(.jumptables*)
 *(.lowtext)
 *(.lowtext*)
                0x000000ac                __ctors_start = .
 *(.ctors)
                0x000000ac                __ctors_end = .
                0x000000ac                __dtors_start = .
 *(.dtors)
                0x000000ac                __dtors_end = .
 SORT(*)(.ctors)
 SORT(*)(.dtors)
 *(.init0)
 .init0         0x000000ac        0x0 d:/development-environment-avr/winavr-2010.01.20/bin/../lib/gcc/avr/4.3.3/../../../../avr/lib/avr5/crtm32u4.o
                0x000000ac                __init
 *(.init0)
 *(.init1)
 *(.init1)
 *(.init2)
 .init2         0x000000ac        0xc d:/development-environment-avr/winavr-2010.01.20/bin/../lib/gcc/avr/4.3.3/../../../../avr/lib/avr5/crtm32u4.o
 *(.init2)
 *(.init3)
 *(.init3)
 *(.init4)
 .init4         0x000000b8       0x16 d:/development-environment-avr/winavr-2010.01.20/bin/../lib/gcc/avr/4.3.3/avr5\libgcc.a(_copy_data.o)
                0x000000b8                __do_copy_data
 *(.init4)
 *(.init5)
 *(.init5)
 *(.init6)
 *(.init6)
 *(.init7)
 *(.init7)
 *(.init8)
 *(.init8)
 *(.init9)
 .init9         0x000000ce        0x8 d:/development-environment-avr/winavr-2010.01.20/bin/../lib/gcc/avr/4.3.3/../../../../avr/lib/avr5/crtm32u4.o
 *(.init9)
 *(.text)
 .text          0x000000d6        0x4 d:/development-environment-avr/winavr-2010.01.20/bin/../lib/gcc/avr/4.3.3/../../../../avr/lib/avr5/crtm32u4.o
                0x000000d6                __vector_38
                0x000000d6                __vector_22
                0x000000d6                __vector_28
                0x000000d6                __vector_1
                0x000000d6                __vector_32
                0x000000d6                __vector_34
                0x000000d6                __vector_24
                0x000000d6                __vector_12
                0x000000d6                __bad_interrupt
                0x000000d6                __vector_6
                0x000000d6                __vector_31
                0x000000d6                __vector_35
                0x000000d6                __vector_39
                0x000000d6                __vector_3
                0x000000d6                __vector_23
                0x000000d6                __vector_30
                0x000000d6                __vector_25
                0x000000d6                __vector_11
                0x000000d6                __vector_13
                0x000000d6                __vector_17
                0x000000d6                __vector_19
                0x000000d6                __vector_7
                0x000000d6                __vector_41
                0x000000d6                __vector_27
                0x000000d6                __vector_5
                0x000000d6                __vector_33
                0x000000d6                __vector_37
                0x000000d6                __vector_4
                0x000000d6                __vector_9
                0x000000d6                __vector_2
                0x000000d6                __vector_21
                0x000000d6                __vector_15
                0x000000d6                __vector_36
                0x000000d6                __vector_29
                0x000000d6                __vector_40
                0x000000d6                __vector_8
                0x000000d6                __vector_26
                0x000000d6                __vector_14
                0x000000d6                __vector_10
                0x000000d6                __vector_16
                0x000000d6                __vector_18
                0x000000d6                __vector_20
                0x000000d6                __vector_42
 .text          0x000000da      0x220 test\build\pwmTest.o
                0x000000da                main
 .text          0x000002fa      0x278 lib\libavrdriverlib.a(gpio.o)
                0x000004fa                gpio_readValue
                0x0000043c                gpio_setValue
                0x0000049a                gpio_clearValue
                0x000003a4                gpio_setDir
 .text          0x00000572      0x47a lib\libavrdriverlib.a(usart.o)
                0x000009de                usart_flush
                0x00000706                usart_init
                0x0000087a                usart_open
                0x00000958                usart_receive
                0x000009b2                usart_close
                0x000008a8                usart_transmit
 .text          0x000009ec      0x438 lib\libavrdriverlib.a(timer.o)
                0x00000ca6                timer_set_ocr_value
                0x00000ab2                timer_start
                0x00000bda                timer_ocr_configure
                0x000009ec                timer_configure
                0x00000b4a                timer_stop
 .text          0x00000e24       0x58 d:/development-environment-avr/winavr-2010.01.20/bin/../lib/gcc/avr/4.3.3/avr5\libgcc.a(_fixunssfsi.o)
                0x00000e24                __fixunssfsi
 .text          0x00000e7c      0x354 d:/development-environment-avr/winavr-2010.01.20/bin/../lib/gcc/avr/4.3.3/avr5\libgcc.a(_addsub_sf.o)
                0x00001114                __subsf3
                0x00001176                __addsf3
 .text          0x000011d0      0x1f4 d:/development-environment-avr/winavr-2010.01.20/bin/../lib/gcc/avr/4.3.3/avr5\libgcc.a(_mul_sf.o)
                0x000011d0                __mulsf3
 .text          0x000013c4       0x60 d:/development-environment-avr/winavr-2010.01.20/bin/../lib/gcc/avr/4.3.3/avr5\libgcc.a(_gt_sf.o)
                0x000013c4                __gtsf2
 .text          0x00001424       0x60 d:/development-environment-avr/winavr-2010.01.20/bin/../lib/gcc/avr/4.3.3/avr5\libgcc.a(_ge_sf.o)
                0x00001424                __gesf2
 .text          0x00001484       0x60 d:/development-environment-avr/winavr-2010.01.20/bin/../lib/gcc/avr/4.3.3/avr5\libgcc.a(_lt_sf.o)
                0x00001484                __ltsf2
 .text          0x000014e4       0xa8 d:/development-environment-avr/winavr-2010.01.20/bin/../lib/gcc/avr/4.3.3/avr5\libgcc.a(_sf_to_si.o)
                0x000014e4                __fixsfsi
 .text          0x0000158c      0x1aa d:/development-environment-avr/winavr-2010.01.20/bin/../lib/gcc/avr/4.3.3/avr5\libgcc.a(_pack_sf.o)
                0x0000158c                __pack_f
 .text          0x00001736       0xf0 d:/development-environment-avr/winavr-2010.01.20/bin/../lib/gcc/avr/4.3.3/avr5\libgcc.a(_unpack_sf.o)
                0x00001736                __unpack_f
 .text          0x00001826       0xb2 d:/development-environment-avr/winavr-2010.01.20/bin/../lib/gcc/avr/4.3.3/avr5\libgcc.a(_fpcmp_parts_sf.o)
                0x00001826                __fpcmp_parts_f
                0x000018d8                . = ALIGN (0x2)
 *(.text.*)
 .text.libgcc   0x000018d8       0x44 d:/development-environment-avr/winavr-2010.01.20/bin/../lib/gcc/avr/4.3.3/avr5\libgcc.a(_udivmodsi4.o)
                0x000018d8                __udivmodsi4
 .text.libgcc   0x0000191c       0x38 d:/development-environment-avr/winavr-2010.01.20/bin/../lib/gcc/avr/4.3.3/avr5\libgcc.a(_prologue.o)
                0x0000191c                __prologue_saves__
 .text.libgcc   0x00001954       0x36 d:/development-environment-avr/winavr-2010.01.20/bin/../lib/gcc/avr/4.3.3/avr5\libgcc.a(_epilogue.o)
                0x00001954                __epilogue_restores__
                0x0000198a                . = ALIGN (0x2)
 *(.fini9)
 .fini9         0x0000198a        0x0 d:/development-environment-avr/winavr-2010.01.20/bin/../lib/gcc/avr/4.3.3/avr5\libgcc.a(_exit.o)
                0x0000198a                exit
                0x0000198a                _exit
 *(.fini9)
 *(.fini8)
 *(.fini8)
 *(.fini7)
 *(.fini7)
 *(.fini6)
 *(.fini6)
 *(.fini5)
 *(.fini5)
 *(.fini4)
 *(.fini4)
 *(.fini3)
 *(.fini3)
 *(.fini2)
 *(.fini2)
 *(.fini1)
 *(.fini1)
 *(.fini0)
 .fini0         0x0000198a        0x4 d:/development-environment-avr/winavr-2010.01.20/bin/../lib/gcc/avr/4.3.3/avr5\libgcc.a(_exit.o)
 *(.fini0)
                0x0000198e                _etext = .

.data           0x00800100        0x8 load address 0x0000198e
                0x00800100                PROVIDE (__data_start, .)
 *(.data)
 .data          0x00800100        0x8 d:/development-environment-avr/winavr-2010.01.20/bin/../lib/gcc/avr/4.3.3/avr5\libgcc.a(_thenan_sf.o)
                0x00800100                __thenan_sf
 *(.data*)
 *(.rodata)
 *(.rodata*)
 *(.gnu.linkonce.d*)
                0x00800108                . = ALIGN (0x2)
                0x00800108                _edata = .
                0x00800108                PROVIDE (__data_end, .)

.bss            0x00800108        0x0
                0x00800108                PROVIDE (__bss_start, .)
 *(.bss)
 *(.bss*)
 *(COMMON)
                0x00800108                PROVIDE (__bss_end, .)
                0x0000198e                __data_load_start = LOADADDR (.data)
                0x00001996                __data_load_end = (__data_load_start + SIZEOF (.data))

.noinit         0x00800108        0x0
                0x00800108                PROVIDE (__noinit_start, .)
 *(.noinit*)
                0x00800108                PROVIDE (__noinit_end, .)
                0x00800108                _end = .
                0x00800108                PROVIDE (__heap_start, .)

.eeprom         0x00810000        0x0
 *(.eeprom*)
                0x00810000                __eeprom_end = .

.fuse
 *(.fuse)
 *(.lfuse)
 *(.hfuse)
 *(.efuse)

.lock
 *(.lock*)

.signature
 *(.signature*)

.stab
 *(.stab)

.stabstr
 *(.stabstr)

.stab.excl
 *(.stab.excl)

.stab.exclstr
 *(.stab.exclstr)

.stab.index
 *(.stab.index)

.stab.indexstr
 *(.stab.indexstr)

.comment
 *(.comment)

.debug
 *(.debug)

.line
 *(.line)

.debug_srcinfo
 *(.debug_srcinfo)

.debug_sfnames
 *(.debug_sfnames)

.debug_aranges  0x00000000      0x1c0
 *(.debug_aranges)
 .debug_aranges
                0x00000000       0x20 test\build\pwmTest.o
 .debug_aranges
                0x00000020       0x20 lib\libavrdriverlib.a(gpio.o)
 .debug_aranges
                0x00000040       0x20 lib\libavrdriverlib.a(usart.o)
 .debug_aranges
                0x00000060       0x20 lib\libavrdriverlib.a(timer.o)
 .debug_aranges
                0x00000080       0x20 d:/development-environment-avr/winavr-2010.01.20/bin/../lib/gcc/avr/4.3.3/avr5\libgcc.a(_fixunssfsi.o)
 .debug_aranges
                0x000000a0       0x20 d:/development-environment-avr/winavr-2010.01.20/bin/../lib/gcc/avr/4.3.3/avr5\libgcc.a(_addsub_sf.o)
 .debug_aranges
                0x000000c0       0x20 d:/development-environment-avr/winavr-2010.01.20/bin/../lib/gcc/avr/4.3.3/avr5\libgcc.a(_mul_sf.o)
 .debug_aranges
                0x000000e0       0x20 d:/development-environment-avr/winavr-2010.01.20/bin/../lib/gcc/avr/4.3.3/avr5\libgcc.a(_gt_sf.o)
 .debug_aranges
                0x00000100       0x20 d:/development-environment-avr/winavr-2010.01.20/bin/../lib/gcc/avr/4.3.3/avr5\libgcc.a(_ge_sf.o)
 .debug_aranges
                0x00000120       0x20 d:/development-environment-avr/winavr-2010.01.20/bin/../lib/gcc/avr/4.3.3/avr5\libgcc.a(_lt_sf.o)
 .debug_aranges
                0x00000140       0x20 d:/development-environment-avr/winavr-2010.01.20/bin/../lib/gcc/avr/4.3.3/avr5\libgcc.a(_sf_to_si.o)
 .debug_aranges
                0x00000160       0x20 d:/development-environment-avr/winavr-2010.01.20/bin/../lib/gcc/avr/4.3.3/avr5\libgcc.a(_pack_sf.o)
 .debug_aranges
                0x00000180       0x20 d:/development-environment-avr/winavr-2010.01.20/bin/../lib/gcc/avr/4.3.3/avr5\libgcc.a(_unpack_sf.o)
 .debug_aranges
                0x000001a0       0x20 d:/development-environment-avr/winavr-2010.01.20/bin/../lib/gcc/avr/4.3.3/avr5\libgcc.a(_fpcmp_parts_sf.o)

.debug_pubnames
                0x00000000      0x2d0
 *(.debug_pubnames)
 .debug_pubnames
                0x00000000       0x1b test\build\pwmTest.o
 .debug_pubnames
                0x0000001b       0x5b lib\libavrdriverlib.a(gpio.o)
 .debug_pubnames
                0x00000076       0x75 lib\libavrdriverlib.a(usart.o)
 .debug_pubnames
                0x000000eb       0x75 lib\libavrdriverlib.a(timer.o)
 .debug_pubnames
                0x00000160       0x23 d:/development-environment-avr/winavr-2010.01.20/bin/../lib/gcc/avr/4.3.3/avr5\libgcc.a(_fixunssfsi.o)
 .debug_pubnames
                0x00000183       0x2c d:/development-environment-avr/winavr-2010.01.20/bin/../lib/gcc/avr/4.3.3/avr5\libgcc.a(_addsub_sf.o)
 .debug_pubnames
                0x000001af       0x1f d:/development-environment-avr/winavr-2010.01.20/bin/../lib/gcc/avr/4.3.3/avr5\libgcc.a(_mul_sf.o)
 .debug_pubnames
                0x000001ce       0x1e d:/development-environment-avr/winavr-2010.01.20/bin/../lib/gcc/avr/4.3.3/avr5\libgcc.a(_gt_sf.o)
 .debug_pubnames
                0x000001ec       0x1e d:/development-environment-avr/winavr-2010.01.20/bin/../lib/gcc/avr/4.3.3/avr5\libgcc.a(_ge_sf.o)
 .debug_pubnames
                0x0000020a       0x1e d:/development-environment-avr/winavr-2010.01.20/bin/../lib/gcc/avr/4.3.3/avr5\libgcc.a(_lt_sf.o)
 .debug_pubnames
                0x00000228       0x20 d:/development-environment-avr/winavr-2010.01.20/bin/../lib/gcc/avr/4.3.3/avr5\libgcc.a(_sf_to_si.o)
 .debug_pubnames
                0x00000248       0x22 d:/development-environment-avr/winavr-2010.01.20/bin/../lib/gcc/avr/4.3.3/avr5\libgcc.a(_thenan_sf.o)
 .debug_pubnames
                0x0000026a       0x1f d:/development-environment-avr/winavr-2010.01.20/bin/../lib/gcc/avr/4.3.3/avr5\libgcc.a(_pack_sf.o)
 .debug_pubnames
                0x00000289       0x21 d:/development-environment-avr/winavr-2010.01.20/bin/../lib/gcc/avr/4.3.3/avr5\libgcc.a(_unpack_sf.o)
 .debug_pubnames
                0x000002aa       0x26 d:/development-environment-avr/winavr-2010.01.20/bin/../lib/gcc/avr/4.3.3/avr5\libgcc.a(_fpcmp_parts_sf.o)

.debug_info     0x00000000     0x2baa
 *(.debug_info)
 .debug_info    0x00000000      0x340 test\build\pwmTest.o
 .debug_info    0x00000340      0x2a8 lib\libavrdriverlib.a(gpio.o)
 .debug_info    0x000005e8      0x3f6 lib\libavrdriverlib.a(usart.o)
 .debug_info    0x000009de      0x583 lib\libavrdriverlib.a(timer.o)
 .debug_info    0x00000f61       0xb1 d:/development-environment-avr/winavr-2010.01.20/bin/../lib/gcc/avr/4.3.3/avr5\libgcc.a(_fixunssfsi.o)
 .debug_info    0x00001012      0x47a d:/development-environment-avr/winavr-2010.01.20/bin/../lib/gcc/avr/4.3.3/avr5\libgcc.a(_addsub_sf.o)
 .debug_info    0x0000148c      0x485 d:/development-environment-avr/winavr-2010.01.20/bin/../lib/gcc/avr/4.3.3/avr5\libgcc.a(_mul_sf.o)
 .debug_info    0x00001911      0x27f d:/development-environment-avr/winavr-2010.01.20/bin/../lib/gcc/avr/4.3.3/avr5\libgcc.a(_gt_sf.o)
 .debug_info    0x00001b90      0x27f d:/development-environment-avr/winavr-2010.01.20/bin/../lib/gcc/avr/4.3.3/avr5\libgcc.a(_ge_sf.o)
 .debug_info    0x00001e0f      0x27f d:/development-environment-avr/winavr-2010.01.20/bin/../lib/gcc/avr/4.3.3/avr5\libgcc.a(_lt_sf.o)
 .debug_info    0x0000208e      0x2b0 d:/development-environment-avr/winavr-2010.01.20/bin/../lib/gcc/avr/4.3.3/avr5\libgcc.a(_sf_to_si.o)
 .debug_info    0x0000233e      0x12c d:/development-environment-avr/winavr-2010.01.20/bin/../lib/gcc/avr/4.3.3/avr5\libgcc.a(_thenan_sf.o)
 .debug_info    0x0000246a      0x2df d:/development-environment-avr/winavr-2010.01.20/bin/../lib/gcc/avr/4.3.3/avr5\libgcc.a(_pack_sf.o)
 .debug_info    0x00002749      0x251 d:/development-environment-avr/winavr-2010.01.20/bin/../lib/gcc/avr/4.3.3/avr5\libgcc.a(_unpack_sf.o)
 .debug_info    0x0000299a      0x210 d:/development-environment-avr/winavr-2010.01.20/bin/../lib/gcc/avr/4.3.3/avr5\libgcc.a(_fpcmp_parts_sf.o)
 *(.gnu.linkonce.wi.*)

.debug_abbrev   0x00000000     0x1293
 *(.debug_abbrev)
 .debug_abbrev  0x00000000       0xf4 test\build\pwmTest.o
 .debug_abbrev  0x000000f4       0xed lib\libavrdriverlib.a(gpio.o)
 .debug_abbrev  0x000001e1       0xf3 lib\libavrdriverlib.a(usart.o)
 .debug_abbrev  0x000002d4       0xd4 lib\libavrdriverlib.a(timer.o)
 .debug_abbrev  0x000003a8       0x5d d:/development-environment-avr/winavr-2010.01.20/bin/../lib/gcc/avr/4.3.3/avr5\libgcc.a(_fixunssfsi.o)
 .debug_abbrev  0x00000405      0x1ea d:/development-environment-avr/winavr-2010.01.20/bin/../lib/gcc/avr/4.3.3/avr5\libgcc.a(_addsub_sf.o)
 .debug_abbrev  0x000005ef      0x21b d:/development-environment-avr/winavr-2010.01.20/bin/../lib/gcc/avr/4.3.3/avr5\libgcc.a(_mul_sf.o)
 .debug_abbrev  0x0000080a      0x15a d:/development-environment-avr/winavr-2010.01.20/bin/../lib/gcc/avr/4.3.3/avr5\libgcc.a(_gt_sf.o)
 .debug_abbrev  0x00000964      0x15a d:/development-environment-avr/winavr-2010.01.20/bin/../lib/gcc/avr/4.3.3/avr5\libgcc.a(_ge_sf.o)
 .debug_abbrev  0x00000abe      0x15a d:/development-environment-avr/winavr-2010.01.20/bin/../lib/gcc/avr/4.3.3/avr5\libgcc.a(_lt_sf.o)
 .debug_abbrev  0x00000c18      0x17f d:/development-environment-avr/winavr-2010.01.20/bin/../lib/gcc/avr/4.3.3/avr5\libgcc.a(_sf_to_si.o)
 .debug_abbrev  0x00000d97       0xad d:/development-environment-avr/winavr-2010.01.20/bin/../lib/gcc/avr/4.3.3/avr5\libgcc.a(_thenan_sf.o)
 .debug_abbrev  0x00000e44      0x1c0 d:/development-environment-avr/winavr-2010.01.20/bin/../lib/gcc/avr/4.3.3/avr5\libgcc.a(_pack_sf.o)
 .debug_abbrev  0x00001004      0x154 d:/development-environment-avr/winavr-2010.01.20/bin/../lib/gcc/avr/4.3.3/avr5\libgcc.a(_unpack_sf.o)
 .debug_abbrev  0x00001158      0x13b d:/development-environment-avr/winavr-2010.01.20/bin/../lib/gcc/avr/4.3.3/avr5\libgcc.a(_fpcmp_parts_sf.o)

.debug_line     0x00000000     0x17d6
 *(.debug_line)
 .debug_line    0x00000000      0x26d test\build\pwmTest.o
 .debug_line    0x0000026d      0x1d0 lib\libavrdriverlib.a(gpio.o)
 .debug_line    0x0000043d      0x31a lib\libavrdriverlib.a(usart.o)
 .debug_line    0x00000757      0x2d2 lib\libavrdriverlib.a(timer.o)
 .debug_line    0x00000a29       0xa7 d:/development-environment-avr/winavr-2010.01.20/bin/../lib/gcc/avr/4.3.3/avr5\libgcc.a(_fixunssfsi.o)
 .debug_line    0x00000ad0      0x2af d:/development-environment-avr/winavr-2010.01.20/bin/../lib/gcc/avr/4.3.3/avr5\libgcc.a(_addsub_sf.o)
 .debug_line    0x00000d7f      0x239 d:/development-environment-avr/winavr-2010.01.20/bin/../lib/gcc/avr/4.3.3/avr5\libgcc.a(_mul_sf.o)
 .debug_line    0x00000fb8       0xd3 d:/development-environment-avr/winavr-2010.01.20/bin/../lib/gcc/avr/4.3.3/avr5\libgcc.a(_gt_sf.o)
 .debug_line    0x0000108b       0xd3 d:/development-environment-avr/winavr-2010.01.20/bin/../lib/gcc/avr/4.3.3/avr5\libgcc.a(_ge_sf.o)
 .debug_line    0x0000115e       0xd3 d:/development-environment-avr/winavr-2010.01.20/bin/../lib/gcc/avr/4.3.3/avr5\libgcc.a(_lt_sf.o)
 .debug_line    0x00001231      0x109 d:/development-environment-avr/winavr-2010.01.20/bin/../lib/gcc/avr/4.3.3/avr5\libgcc.a(_sf_to_si.o)
 .debug_line    0x0000133a       0x90 d:/development-environment-avr/winavr-2010.01.20/bin/../lib/gcc/avr/4.3.3/avr5\libgcc.a(_thenan_sf.o)
 .debug_line    0x000013ca      0x18a d:/development-environment-avr/winavr-2010.01.20/bin/../lib/gcc/avr/4.3.3/avr5\libgcc.a(_pack_sf.o)
 .debug_line    0x00001554      0x14b d:/development-environment-avr/winavr-2010.01.20/bin/../lib/gcc/avr/4.3.3/avr5\libgcc.a(_unpack_sf.o)
 .debug_line    0x0000169f      0x137 d:/development-environment-avr/winavr-2010.01.20/bin/../lib/gcc/avr/4.3.3/avr5\libgcc.a(_fpcmp_parts_sf.o)

.debug_frame    0x00000000      0x2c0
 *(.debug_frame)
 .debug_frame   0x00000000       0x20 test\build\pwmTest.o
 .debug_frame   0x00000020       0x60 lib\libavrdriverlib.a(gpio.o)
 .debug_frame   0x00000080       0x80 lib\libavrdriverlib.a(usart.o)
 .debug_frame   0x00000100       0x60 lib\libavrdriverlib.a(timer.o)
 .debug_frame   0x00000160       0x20 d:/development-environment-avr/winavr-2010.01.20/bin/../lib/gcc/avr/4.3.3/avr5\libgcc.a(_fixunssfsi.o)
 .debug_frame   0x00000180       0x40 d:/development-environment-avr/winavr-2010.01.20/bin/../lib/gcc/avr/4.3.3/avr5\libgcc.a(_addsub_sf.o)
 .debug_frame   0x000001c0       0x20 d:/development-environment-avr/winavr-2010.01.20/bin/../lib/gcc/avr/4.3.3/avr5\libgcc.a(_mul_sf.o)
 .debug_frame   0x000001e0       0x20 d:/development-environment-avr/winavr-2010.01.20/bin/../lib/gcc/avr/4.3.3/avr5\libgcc.a(_gt_sf.o)
 .debug_frame   0x00000200       0x20 d:/development-environment-avr/winavr-2010.01.20/bin/../lib/gcc/avr/4.3.3/avr5\libgcc.a(_ge_sf.o)
 .debug_frame   0x00000220       0x20 d:/development-environment-avr/winavr-2010.01.20/bin/../lib/gcc/avr/4.3.3/avr5\libgcc.a(_lt_sf.o)
 .debug_frame   0x00000240       0x20 d:/development-environment-avr/winavr-2010.01.20/bin/../lib/gcc/avr/4.3.3/avr5\libgcc.a(_sf_to_si.o)
 .debug_frame   0x00000260       0x20 d:/development-environment-avr/winavr-2010.01.20/bin/../lib/gcc/avr/4.3.3/avr5\libgcc.a(_pack_sf.o)
 .debug_frame   0x00000280       0x20 d:/development-environment-avr/winavr-2010.01.20/bin/../lib/gcc/avr/4.3.3/avr5\libgcc.a(_unpack_sf.o)
 .debug_frame   0x000002a0       0x20 d:/development-environment-avr/winavr-2010.01.20/bin/../lib/gcc/avr/4.3.3/avr5\libgcc.a(_fpcmp_parts_sf.o)

.debug_str      0x00000000      0x9f5
 *(.debug_str)
 .debug_str     0x00000000      0x306 test\build\pwmTest.o
                                0x35c (size before relaxing)
 .debug_str     0x00000306       0xc2 lib\libavrdriverlib.a(gpio.o)
                                0x1b2 (size before relaxing)
 .debug_str     0x000003c8      0x1f8 lib\libavrdriverlib.a(usart.o)
                                0x389 (size before relaxing)
 .debug_str     0x000005c0      0x1ed lib\libavrdriverlib.a(timer.o)
                                0x39b (size before relaxing)
 .debug_str     0x000007ad       0x80 d:/development-environment-avr/winavr-2010.01.20/bin/../lib/gcc/avr/4.3.3/avr5\libgcc.a(_fixunssfsi.o)
                                 0xfe (size before relaxing)
 .debug_str     0x0000082d      0x147 d:/development-environment-avr/winavr-2010.01.20/bin/../lib/gcc/avr/4.3.3/avr5\libgcc.a(_addsub_sf.o)
                                0x206 (size before relaxing)
 .debug_str     0x00000974       0x27 d:/development-environment-avr/winavr-2010.01.20/bin/../lib/gcc/avr/4.3.3/avr5\libgcc.a(_mul_sf.o)
                                0x1bf (size before relaxing)
 .debug_str     0x0000099b        0xf d:/development-environment-avr/winavr-2010.01.20/bin/../lib/gcc/avr/4.3.3/avr5\libgcc.a(_gt_sf.o)
                                0x195 (size before relaxing)
 .debug_str     0x000009aa        0x8 d:/development-environment-avr/winavr-2010.01.20/bin/../lib/gcc/avr/4.3.3/avr5\libgcc.a(_ge_sf.o)
                                0x195 (size before relaxing)
 .debug_str     0x000009b2        0x8 d:/development-environment-avr/winavr-2010.01.20/bin/../lib/gcc/avr/4.3.3/avr5\libgcc.a(_lt_sf.o)
                                0x195 (size before relaxing)
 .debug_str     0x000009ba        0xa d:/development-environment-avr/winavr-2010.01.20/bin/../lib/gcc/avr/4.3.3/avr5\libgcc.a(_sf_to_si.o)
                                0x19e (size before relaxing)
 .debug_str     0x00000000      0x103 d:/development-environment-avr/winavr-2010.01.20/bin/../lib/gcc/avr/4.3.3/avr5\libgcc.a(_thenan_sf.o)
 .debug_str     0x000009c4       0x16 d:/development-environment-avr/winavr-2010.01.20/bin/../lib/gcc/avr/4.3.3/avr5\libgcc.a(_pack_sf.o)
                                0x19d (size before relaxing)
 .debug_str     0x000009da        0xb d:/development-environment-avr/winavr-2010.01.20/bin/../lib/gcc/avr/4.3.3/avr5\libgcc.a(_unpack_sf.o)
                                0x17f (size before relaxing)
 .debug_str     0x000009e5       0x10 d:/development-environment-avr/winavr-2010.01.20/bin/../lib/gcc/avr/4.3.3/avr5\libgcc.a(_fpcmp_parts_sf.o)
                                0x163 (size before relaxing)

.debug_loc      0x00000000      0x7ce
 *(.debug_loc)
 .debug_loc     0x00000000       0x34 d:/development-environment-avr/winavr-2010.01.20/bin/../lib/gcc/avr/4.3.3/avr5\libgcc.a(_fixunssfsi.o)
 .debug_loc     0x00000034      0x32a d:/development-environment-avr/winavr-2010.01.20/bin/../lib/gcc/avr/4.3.3/avr5\libgcc.a(_addsub_sf.o)
 .debug_loc     0x0000035e      0x104 d:/development-environment-avr/winavr-2010.01.20/bin/../lib/gcc/avr/4.3.3/avr5\libgcc.a(_mul_sf.o)
 .debug_loc     0x00000462       0x3c d:/development-environment-avr/winavr-2010.01.20/bin/../lib/gcc/avr/4.3.3/avr5\libgcc.a(_gt_sf.o)
 .debug_loc     0x0000049e       0x3c d:/development-environment-avr/winavr-2010.01.20/bin/../lib/gcc/avr/4.3.3/avr5\libgcc.a(_ge_sf.o)
 .debug_loc     0x000004da       0x3c d:/development-environment-avr/winavr-2010.01.20/bin/../lib/gcc/avr/4.3.3/avr5\libgcc.a(_lt_sf.o)
 .debug_loc     0x00000516       0x7e d:/development-environment-avr/winavr-2010.01.20/bin/../lib/gcc/avr/4.3.3/avr5\libgcc.a(_sf_to_si.o)
 .debug_loc     0x00000594      0x13e d:/development-environment-avr/winavr-2010.01.20/bin/../lib/gcc/avr/4.3.3/avr5\libgcc.a(_pack_sf.o)
 .debug_loc     0x000006d2       0xac d:/development-environment-avr/winavr-2010.01.20/bin/../lib/gcc/avr/4.3.3/avr5\libgcc.a(_unpack_sf.o)
 .debug_loc     0x0000077e       0x50 d:/development-environment-avr/winavr-2010.01.20/bin/../lib/gcc/avr/4.3.3/avr5\libgcc.a(_fpcmp_parts_sf.o)

.debug_macinfo
 *(.debug_macinfo)
OUTPUT(test\build\PwmTest.elf elf32-avr)
LOAD linker stubs

.debug_ranges   0x00000000       0x50
 .debug_ranges  0x00000000       0x50 d:/development-environment-avr/winavr-2010.01.20/bin/../lib/gcc/avr/4.3.3/avr5\libgcc.a(_mul_sf.o)
